// Jest Snapshot v1, https://goo.gl/fbAQLP

exports[`EditSocietyForm snapshot test 1`] = `
<div
  className="page-container"
>
  <div
    className="underlay"
  />
  <div
    className="container"
  >
    <h1>
      Edit Society
    </h1>
    <form
      onSubmit={[Function]}
    >
      <div
        className="field"
      >
        <label
          htmlFor="societyName"
        >
          Society Name
        </label>
        <input
          className="form-control"
          name="societyName"
          onBlur={[Function]}
          onChange={[Function]}
          type="text"
          value=""
        />
      </div>
      <div
        className="field"
      >
        <label>
          Select a category
        </label>
        <select
          className="form-select"
          id="category"
          name="category"
          onChange={[Function]}
          value=""
        >
          <option
            defaultValue={true}
          />
          <option>
            Academic
          </option>
          <option>
            Social
          </option>
          <option>
            Sports
          </option>
          <option>
            Other
          </option>
        </select>
      </div>
      <div
        className="field"
      >
        <label
          htmlFor="societyEmail"
        >
          Society Email
        </label>
        <input
          className="form-control"
          name="societyEmail"
          onBlur={[Function]}
          onChange={[Function]}
          type="text"
          value=""
        />
      </div>
      <h5>
        Socials
      </h5>
      <div
        className="field"
      >
        <label
          htmlFor="website"
        >
          Website
        </label>
        <input
          className="form-control"
          name="website"
          onBlur={[Function]}
          onChange={[Function]}
          type="text"
          value=""
        />
      </div>
      <div
        className="field"
      >
        <label
          htmlFor="instagram"
        >
          Instagram
        </label>
        <input
          className="form-control"
          name="instagram"
          onBlur={[Function]}
          onChange={[Function]}
          type="text"
          value=""
        />
      </div>
      <div
        className="field"
      >
        <label
          htmlFor="twitter"
        >
          Twitter
        </label>
        <input
          className="form-control"
          name="twitter"
          onBlur={[Function]}
          onChange={[Function]}
          type="text"
          value=""
        />
      </div>
      <div
        className="field"
      >
        <label
          htmlFor="facebook"
        >
          Facebook
        </label>
        <input
          className="form-control"
          name="facebook"
          onBlur={[Function]}
          onChange={[Function]}
          type="text"
          value=""
        />
      </div>
      <h5>
        Images
      </h5>
      <small
        className="form-text text-muted"
        id="imageHelp"
      >
        You must enter a link to the images
      </small>
      <div
        className="field"
      >
        <label
          htmlFor="logo"
        >
          Society Logo
        </label>
        <input
          className="form-control"
          name="logo"
          onBlur={[Function]}
          onChange={[Function]}
          type="text"
          value=""
        />
      </div>
      <div
        className="field"
      >
        <label
          htmlFor="banner"
        >
          Society Banner
        </label>
        <input
          className="form-control"
          name="banner"
          onBlur={[Function]}
          onChange={[Function]}
          type="text"
          value=""
        />
      </div>
      <div
        className="field"
      >
        <label
          htmlFor="description"
        >
          Society Description
        </label>
        <textarea
          className="form-control"
          cols="173"
          id="description"
          name="description"
          onBlur={[Function]}
          onChange={[Function]}
          rows="8"
          style={
            Object {
              "marginBottom": "8px",
            }
          }
          type="text"
          value=""
        />
      </div>
      <button
        className="button"
        type="submit"
      >
        Edit Society
      </button>
    </form>
    <hr />
  </div>
  <div>
    <div
      style={
        Object {
          "backgroundColor": "#abc4ff",
          "borderColor": "gray",
          "borderRadius": 20,
          "borderWidth": 2,
          "marginBottom": "20px",
          "marginTop": "20px",
          "width": "50%",
        }
      }
    >
      <h1
        style={
          Object {
            "marginLeft": "8px",
          }
        }
      >
        Committee Members
      </h1>
      <form
        onSubmit={[Function]}
        style={
          Object {
            "marginLeft": "8px",
          }
        }
      >
        <input
          className="addmemberinput"
          onChange={[Function]}
          placeholder="Enter member's email"
          required={true}
          style={
            Object {
              "borderRadius": 3,
            }
          }
          type="email"
          value=""
        />
        <button
          className="button"
          style={
            Object {
              "marginBottom": "8px",
              "marginLeft": "8px",
            }
          }
        >
          Add Member
        </button>
      </form>
    </div>
  </div>
</div>
`;
