// Jest Snapshot v1, https://goo.gl/fbAQLP

exports[`Pagination snapshot test 1`] = `
<ul
  className="pagination"
>
  <a
    className="page-link"
    href="#/"
    onClick={[Function]}
  >
    <li
      className="page-item"
    >
      1
    </li>
  </a>
</ul>
`;
