// Jest Snapshot v1, https://goo.gl/fbAQLP

exports[`Paypal snapshot test 1`] = `
<div
  className="page-container"
>
  <div
    className="underlay"
  />
  <div
    style={
      Object {
        "alignItems": "center",
        "display": "flex",
        "justifyContent": "center",
      }
    }
  >
    <div
      style={
        Object {
          "maxWidth": "500px",
        }
      }
    />
  </div>
</div>
`;
