// Jest Snapshot v1, https://goo.gl/fbAQLP

exports[`searchBar snapshot test 1`] = `
<input
  className="form-control my-4"
  name="query"
  onChange={[Function]}
  placeholder="Search for society..."
  type="text"
/>
`;
