// Jest Snapshot v1, https://goo.gl/fbAQLP

exports[`SearchEvents snapshot test 1`] = `
<div
  className="page-container"
>
  <div
    className="underlay"
  />
  <div
    className="title"
  >
    <input
      className="searchBar"
      data-testid="search-bar"
      onChange={[Function]}
      onKeyDown={[Function]}
      placeholder="Search for events..."
      type="text"
      value=""
    />
    <div
      className="events"
      data-testid="events-list"
    />
  </div>
</div>
`;
